// Jest Snapshot v1, https://goo.gl/fbAQLP

exports[`DatePicker verfy testing file works 1`] = `ShallowWrapper {}`;
