// Jest Snapshot v1, https://goo.gl/fbAQLP

exports[`ShortEventCardContainer Renders a ShortEventCardContainer component renders the component 1`] = `ShallowWrapper {}`;
