// Jest Snapshot v1, https://goo.gl/fbAQLP

exports[`CreateEventForm Renders a CreateEventForm component renders the component 1`] = `ShallowWrapper {}`;
