// Jest Snapshot v1, https://goo.gl/fbAQLP

exports[`Map Renders a Map component renders the component 1`] = `ShallowWrapper {}`;
