// Jest Snapshot v1, https://goo.gl/fbAQLP

exports[`FullEventCard Renders a FullEventCard component renders the component 1`] = `ShallowWrapper {}`;
