// Jest Snapshot v1, https://goo.gl/fbAQLP

exports[`ShortEventCard Renders a ShortEventCard component renders the component 1`] = `ShallowWrapper {}`;
