// Jest Snapshot v1, https://goo.gl/fbAQLP

exports[`LoginView Renders a LoginView component renders correctly 1`] = `
<View
  style={
    Object {
      "alignItems": "center",
      "backgroundColor": "#292c33",
      "flex": 1,
    }
  }
>
  <Image
    source={1}
    style={
      Object {
        "height": 300,
        "marginLeft": 15,
        "marginTop": "30%",
        "resizeMode": "contain",
        "width": "100%",
      }
    }
  />
  <View
    style={
      Object {
        "marginTop": 20,
      }
    }
  >
    <TextInput
      allowFontScaling={true}
      placeholder="username..."
      rejectResponderTermination={true}
      style={
        Object {
          "backgroundColor": "#fff",
          "borderRadius": 25,
          "fontSize": 20,
          "height": 50,
          "textAlign": "center",
          "width": 300,
        }
      }
      underlineColorAndroid="transparent"
    />
  </View>
  <View
    style={
      Object {
        "marginTop": 20,
      }
    }
  >
    <TextInput
      allowFontScaling={true}
      placeholder="password..."
      rejectResponderTermination={true}
      style={
        Object {
          "backgroundColor": "#fff",
          "borderRadius": 25,
          "fontSize": 20,
          "height": 50,
          "textAlign": "center",
          "width": 300,
        }
      }
      underlineColorAndroid="transparent"
    />
  </View>
  <View
    style={
      Object {
        "marginTop": 20,
        "width": 200,
      }
    }
  >
    <View
      accessibilityRole="button"
      accessibilityStates={Array []}
      accessible={true}
      focusable={true}
      isTVSelectable={true}
      onClick={[Function]}
      onResponderGrant={[Function]}
      onResponderMove={[Function]}
      onResponderRelease={[Function]}
      onResponderTerminate={[Function]}
      onResponderTerminationRequest={[Function]}
      onStartShouldSetResponder={[Function]}
      style={
        Object {
          "opacity": 1,
        }
      }
    >
      <View
        style={
          Array [
            Object {},
          ]
        }
      >
        <Text
          style={
            Array [
              Object {
                "color": "#007AFF",
                "fontSize": 18,
                "padding": 8,
                "textAlign": "center",
              },
            ]
          }
        >
          SIGN IN
        </Text>
      </View>
    </View>
  </View>
</View>
`;
