// Jest Snapshot v1, https://goo.gl/fbAQLP

exports[`Dashboard Renders a Dashboard component renders the component 1`] = `ShallowWrapper {}`;
