// Jest Snapshot v1, https://goo.gl/fbAQLP

exports[`HeaderNav Renders a HeaderNav component renders the component 1`] = `ShallowWrapper {}`;
